Copyright 1986-2022 Xilinx, Inc. All Rights Reserved. Copyright 2022-2024 Advanced Micro Devices, Inc. All Rights Reserved.
---------------------------------------------------------------------------------------------------------------------------------------------
| Tool Version : Vivado v.2024.2 (win64) Build 5239630 Fri Nov 08 22:35:27 MST 2024
| Date         : Mon Jul 20 12:07:42 2026
| Host         : LAPTOP-9EDQID5E running 64-bit major release  (build 9200)
| Command      : report_timing_summary -file C:/Users/Nitin/TinyRISC-TinyML/vivado/reports/sw_timing_summary.rpt
| Design       : pynq_z2_top
| Device       : 7z020-clg400
| Speed File   : -1  PRODUCTION 1.12 2019-11-22
| Design State : Routed
---------------------------------------------------------------------------------------------------------------------------------------------

Timing Summary Report

------------------------------------------------------------------------------------------------
| Timer Settings
| --------------
------------------------------------------------------------------------------------------------

  Enable Multi Corner Analysis               :  Yes
  Enable Pessimism Removal                   :  Yes
  Pessimism Removal Resolution               :  Nearest Common Node
  Enable Input Delay Default Clock           :  No
  Enable Preset / Clear Arcs                 :  No
  Disable Flight Delays                      :  No
  Ignore I/O Paths                           :  No
  Timing Early Launch at Borrowing Latches   :  No
  Borrow Time for Max Delay Exceptions       :  Yes
  Merge Timing Exceptions                    :  Yes
  Inter-SLR Compensation                     :  Conservative

  Corner  Analyze    Analyze    
  Name    Max Paths  Min Paths  
  ------  ---------  ---------  
  Slow    Yes        Yes        
  Fast    Yes        Yes        


------------------------------------------------------------------------------------------------
| Report Methodology
| ------------------
------------------------------------------------------------------------------------------------

Rule       Severity          Description                                                       Violations  
---------  ----------------  ----------------------------------------------------------------  ----------  
TIMING-6   Critical Warning  No common primary clock between related clocks                    2           
LUTAR-1    Warning           LUT drives async reset alert                                      1           
SYNTH-6    Warning           Timing of a RAM block might be sub-optimal                        8           
SYNTH-15   Warning           Byte wide write enable not inferred                               8           
TIMING-56  Warning           Missing logically or physically excluded clock groups constraint  2           

Note: This report is based on the most recent report_methodology run and may not be up-to-date. Run report_methodology on the current design for the latest report.



check_timing report

Table of Contents
-----------------
1. checking no_clock (0)
2. checking constant_clock (0)
3. checking pulse_width_clock (0)
4. checking unconstrained_internal_endpoints (0)
5. checking no_input_delay (2)
6. checking no_output_delay (5)
7. checking multiple_clock (1129)
8. checking generated_clocks (0)
9. checking loops (0)
10. checking partial_input_delay (0)
11. checking partial_output_delay (0)
12. checking latch_loops (0)

1. checking no_clock (0)
------------------------
 There are 0 register/latch pins with no clock.


2. checking constant_clock (0)
------------------------------
 There are 0 register/latch pins with constant_clock.


3. checking pulse_width_clock (0)
---------------------------------
 There are 0 register/latch pins which need pulse_width check


4. checking unconstrained_internal_endpoints (0)
------------------------------------------------
 There are 0 pins that are not constrained for maximum delay.

 There are 0 pins that are not constrained for maximum delay due to constant clock.


5. checking no_input_delay (2)
------------------------------
 There are 2 input ports with no input delay specified. (HIGH)

 There are 0 input ports with no input delay but user has a false path constraint.


6. checking no_output_delay (5)
-------------------------------
 There are 5 ports with no output delay specified. (HIGH)

 There are 0 ports with no output delay but user has a false path constraint

 There are 0 ports with no output delay but with a timing clock defined on it or propagating through it


7. checking multiple_clock (1129)
---------------------------------
 There are 1129 register/latch pins with multiple clocks. (HIGH)


8. checking generated_clocks (0)
--------------------------------
 There are 0 generated clocks that are not connected to a clock source.


9. checking loops (0)
---------------------
 There are 0 combinational loops in the design.


10. checking partial_input_delay (0)
------------------------------------
 There are 0 input ports with partial input delay specified.


11. checking partial_output_delay (0)
-------------------------------------
 There are 0 ports with partial output delay specified.


12. checking latch_loops (0)
----------------------------
 There are 0 combinational latch loops in the design through latch input



------------------------------------------------------------------------------------------------
| Design Timing Summary
| ---------------------
------------------------------------------------------------------------------------------------

    WNS(ns)      TNS(ns)  TNS Failing Endpoints  TNS Total Endpoints      WHS(ns)      THS(ns)  THS Failing Endpoints  THS Total Endpoints     WPWS(ns)     TPWS(ns)  TPWS Failing Endpoints  TPWS Total Endpoints  
    -------      -------  ---------------------  -------------------      -------      -------  ---------------------  -------------------     --------     --------  ----------------------  --------------------  
      7.994        0.000                      0                 3343        0.065        0.000                      0                 3343        2.000        0.000                       0                  1135  


All user specified timing constraints are met.


------------------------------------------------------------------------------------------------
| Clock Summary
| -------------
------------------------------------------------------------------------------------------------

Clock                   Waveform(ns)         Period(ns)      Frequency(MHz)
-----                   ------------         ----------      --------------
sys_clk_pin             {0.000 4.000}        8.000           125.000         
  clk_out1_clk_wiz_0_1  {0.000 10.000}       20.000          50.000          
  clkfbout_clk_wiz_0_1  {0.000 4.000}        8.000           125.000         
sysclk                  {0.000 4.000}        8.000           125.000         
  clk_out1_clk_wiz_0    {0.000 10.000}       20.000          50.000          
  clkfbout_clk_wiz_0    {0.000 4.000}        8.000           125.000         


------------------------------------------------------------------------------------------------
| Intra Clock Table
| -----------------
------------------------------------------------------------------------------------------------

Clock                       WNS(ns)      TNS(ns)  TNS Failing Endpoints  TNS Total Endpoints      WHS(ns)      THS(ns)  THS Failing Endpoints  THS Total Endpoints     WPWS(ns)     TPWS(ns)  TPWS Failing Endpoints  TPWS Total Endpoints  
-----                       -------      -------  ---------------------  -------------------      -------      -------  ---------------------  -------------------     --------     --------  ----------------------  --------------------  
sys_clk_pin                                                                                                                                                               2.000        0.000                       0                     1  
  clk_out1_clk_wiz_0_1        7.995        0.000                      0                 3343        0.145        0.000                      0                 3343        8.750        0.000                       0                  1131  
  clkfbout_clk_wiz_0_1                                                                                                                                                    5.845        0.000                       0                     3  
sysclk                                                                                                                                                                    2.000        0.000                       0                     1  
  clk_out1_clk_wiz_0          7.994        0.000                      0                 3343        0.145        0.000                      0                 3343        8.750        0.000                       0                  1131  
  clkfbout_clk_wiz_0                                                                                                                                                      5.845        0.000                       0                     3  


------------------------------------------------------------------------------------------------
| Inter Clock Table
| -----------------
------------------------------------------------------------------------------------------------

From Clock            To Clock                  WNS(ns)      TNS(ns)  TNS Failing Endpoints  TNS Total Endpoints      WHS(ns)      THS(ns)  THS Failing Endpoints  THS Total Endpoints  
----------            --------                  -------      -------  ---------------------  -------------------      -------      -------  ---------------------  -------------------  
clk_out1_clk_wiz_0    clk_out1_clk_wiz_0_1        7.994        0.000                      0                 3343        0.065        0.000                      0                 3343  
clk_out1_clk_wiz_0_1  clk_out1_clk_wiz_0          7.994        0.000                      0                 3343        0.065        0.000                      0                 3343  


------------------------------------------------------------------------------------------------
| Other Path Groups Table
| -----------------------
------------------------------------------------------------------------------------------------

Path Group    From Clock    To Clock          WNS(ns)      TNS(ns)  TNS Failing Endpoints  TNS Total Endpoints      WHS(ns)      THS(ns)  THS Failing Endpoints  THS Total Endpoints  
----------    ----------    --------          -------      -------  ---------------------  -------------------      -------      -------  ---------------------  -------------------  


------------------------------------------------------------------------------------------------
| Timing Details
| --------------
------------------------------------------------------------------------------------------------


---------------------------------------------------------------------------------------------------
From Clock:  sys_clk_pin
  To Clock:  sys_clk_pin

Setup :           NA  Failing Endpoints,  Worst Slack           NA  ,  Total Violation           NA
Hold  :           NA  Failing Endpoints,  Worst Slack           NA  ,  Total Violation           NA
PW    :            0  Failing Endpoints,  Worst Slack        2.000ns,  Total Violation        0.000ns
---------------------------------------------------------------------------------------------------


Pulse Width Checks
--------------------------------------------------------------------------------------
Clock Name:         sys_clk_pin
Waveform(ns):       { 0.000 4.000 }
Period(ns):         8.000
Sources:            { sysclk }

Check Type        Corner  Lib Pin            Reference Pin  Required(ns)  Actual(ns)  Slack(ns)  Location         Pin
Min Period        n/a     MMCME2_ADV/CLKIN1  n/a            1.249         8.000       6.751      MMCME2_ADV_X1Y2  u_clk_wiz/inst/mmcm_adv_inst/CLKIN1
Max Period        n/a     MMCME2_ADV/CLKIN1  n/a            100.000       8.000       92.000     MMCME2_ADV_X1Y2  u_clk_wiz/inst/mmcm_adv_inst/CLKIN1
Low Pulse Width   Slow    MMCME2_ADV/CLKIN1  n/a            2.000         4.000       2.000      MMCME2_ADV_X1Y2  u_clk_wiz/inst/mmcm_adv_inst/CLKIN1
High Pulse Width  Slow    MMCME2_ADV/CLKIN1  n/a            2.000         4.000       2.000      MMCME2_ADV_X1Y2  u_clk_wiz/inst/mmcm_adv_inst/CLKIN1



---------------------------------------------------------------------------------------------------
From Clock:  clk_out1_clk_wiz_0_1
  To Clock:  clk_out1_clk_wiz_0_1

Setup :            0  Failing Endpoints,  Worst Slack        7.995ns,  Total Violation        0.000ns
Hold  :            0  Failing Endpoints,  Worst Slack        0.145ns,  Total Violation        0.000ns
PW    :            0  Failing Endpoints,  Worst Slack        8.750ns,  Total Violation        0.000ns
---------------------------------------------------------------------------------------------------


Max Delay Paths
--------------------------------------------------------------------------------------
Slack (MET) :             7.995ns  (required time - arrival time)
  Source:                 u_soc/u_accel/u_hidden_layer/feature_idx_q_reg[1]/C
                            (rising edge-triggered cell FDRE clocked by clk_out1_clk_wiz_0_1  {rise@0.000ns fall@10.000ns period=20.000ns})
  Destination:            u_soc/u_accel/u_hidden_layer/u_mac/acc_q_reg[29]/D
                            (rising edge-triggered cell FDRE clocked by clk_out1_clk_wiz_0_1  {rise@0.000ns fall@10.000ns period=20.000ns})
  Path Group:             clk_out1_clk_wiz_0_1
  Path Type:              Setup (Max at Slow Process Corner)
  Requirement:            20.000ns  (clk_out1_clk_wiz_0_1 rise@20.000ns - clk_out1_clk_wiz_0_1 rise@0.000ns)
  Data Path Delay:        11.976ns  (logic 5.656ns (47.227%)  route 6.320ns (52.773%))
  Logic Levels:           6  (CARRY4=3 DSP48E1=1 LUT2=1 LUT6=1)
  Clock Path Skew:        -0.059ns (DCD - SCD + CPR)
    Destination Clock Delay (DCD):    -1.546ns = ( 18.454 - 20.000 ) 
    Source Clock Delay      (SCD):    -0.920ns
    Clock Pessimism Removal (CPR):    0.567ns
  Clock Uncertainty:      0.079ns  ((TSJ^2 + DJ^2)^1/2) / 2 + PE
    Total System Jitter     (TSJ):    0.071ns
    Discrete Jitter          (DJ):    0.141ns
    Phase Error              (PE):    0.000ns

    Location             Delay type                Incr(ns)  Path(ns)    Netlist Resource(s)
  -------------------------------------------------------------------    -------------------
                         (clock clk_out1_clk_wiz_0_1 rise edge)
                                                      0.000     0.000 r  
    H16                                               0.000     0.000 r  sysclk (IN)
                         net (fo=0)                   0.000     0.000    u_clk_wiz/inst/clk_in1
    H16                  IBUF (Prop_ibuf_I_O)         1.451     1.451 r  u_clk_wiz/inst/clkin1_ibufg/O
                         net (fo=1, routed)           1.285     2.736    u_clk_wiz/inst/clk_in1_clk_wiz_0
    MMCME2_ADV_X1Y2      MMCME2_ADV (Prop_mmcme2_adv_CLKIN1_CLKOUT0)
                                                     -7.759    -5.023 r  u_clk_wiz/inst/mmcm_adv_inst/CLKOUT0
                         net (fo=1, routed)           2.206    -2.817    u_clk_wiz/inst/clk_out1_clk_wiz_0
    BUFGCTRL_X0Y16       BUFG (Prop_bufg_I_O)         0.101    -2.716 r  u_clk_wiz/inst/clkout1_buf/O
                         net (fo=1129, routed)        1.796    -0.920    u_soc/u_accel/u_hidden_layer/clk_out1
    SLICE_X93Y37         FDRE                                         r  u_soc/u_accel/u_hidden_layer/feature_idx_q_reg[1]/C
  -------------------------------------------------------------------    -------------------
    SLICE_X93Y37         FDRE (Prop_fdre_C_Q)         0.419    -0.501 r  u_soc/u_accel/u_hidden_layer/feature_idx_q_reg[1]/Q
                         net (fo=31, routed)          2.891     2.390    u_soc/u_accel/u_regs/hidden_w_addr[1]
    SLICE_X61Y35         LUT6 (Prop_lut6_I3_O)        0.299     2.689 r  u_soc/u_accel/u_regs/product_i_1__0/O
                         net (fo=15, routed)          2.007     4.697    u_soc/u_accel/u_hidden_layer/u_mac/A[15]
    DSP48_X3Y12          DSP48E1 (Prop_dsp48e1_A[23]_P[27])
                                                      3.841     8.538 r  u_soc/u_accel/u_hidden_layer/u_mac/product/P[27]
                         net (fo=25, routed)          1.421     9.959    u_soc/u_accel/u_hidden_layer/u_mac/in0
    SLICE_X94Y37         LUT2 (Prop_lut2_I0_O)        0.124    10.083 r  u_soc/u_accel/u_hidden_layer/u_mac/acc_q[20]_i_4/O
                         net (fo=1, routed)           0.000    10.083    u_soc/u_accel/u_hidden_layer/u_mac/acc_q[20]_i_4_n_0
    SLICE_X94Y37         CARRY4 (Prop_carry4_S[1]_CO[3])
                                                      0.533    10.616 r  u_soc/u_accel/u_hidden_layer/u_mac/acc_q_reg[20]_i_1/CO[3]
                         net (fo=1, routed)           0.000    10.616    u_soc/u_accel/u_hidden_layer/u_mac/acc_q_reg[20]_i_1_n_0
    SLICE_X94Y38         CARRY4 (Prop_carry4_CI_CO[3])
                                                      0.117    10.733 r  u_soc/u_accel/u_hidden_layer/u_mac/acc_q_reg[24]_i_1/CO[3]
                         net (fo=1, routed)           0.000    10.733    u_soc/u_accel/u_hidden_layer/u_mac/acc_q_reg[24]_i_1_n_0
    SLICE_X94Y39         CARRY4 (Prop_carry4_CI_O[1])
                                                      0.323    11.056 r  u_soc/u_accel/u_hidden_layer/u_mac/acc_q_reg[28]_i_1/O[1]
                         net (fo=1, routed)           0.000    11.056    u_soc/u_accel/u_hidden_layer/u_mac/acc_q_reg[28]_i_1_n_6
    SLICE_X94Y39         FDRE                                         r  u_soc/u_accel/u_hidden_layer/u_mac/acc_q_reg[29]/D
  -------------------------------------------------------------------    -------------------

                         (clock clk_out1_clk_wiz_0_1 rise edge)
                                                     20.000    20.000 r  
    H16                                               0.000    20.000 r  sysclk (IN)
                         net (fo=0)                   0.000    20.000    u_clk_wiz/inst/clk_in1
    H16                  IBUF (Prop_ibuf_I_O)         1.380    21.380 r  u_clk_wiz/inst/clkin1_ibufg/O
                         net (fo=1, routed)           1.162    22.542    u_clk_wiz/inst/clk_in1_clk_wiz_0
    MMCME2_ADV_X1Y2      MMCME2_ADV (Prop_mmcme2_adv_CLKIN1_CLKOUT0)
                                                     -7.814    14.728 r  u_clk_wiz/inst/mmcm_adv_inst/CLKOUT0
                         net (fo=1, routed)           2.012    16.740    u_clk_wiz/inst/clk_out1_clk_wiz_0
    BUFGCTRL_X0Y16       BUFG (Prop_bufg_I_O)         0.091    16.831 r  u_clk_wiz/inst/clkout1_buf/O
                         net (fo=1129, routed)        1.622    18.454    u_soc/u_accel/u_hidden_layer/u_mac/clk_out1
    SLICE_X94Y39         FDRE                                         r  u_soc/u_accel/u_hidden_layer/u_mac/acc_q_reg[29]/C
                         clock pessimism              0.567    19.021    
                         clock uncertainty           -0.079    18.942    
    SLICE_X94Y39         FDRE (Setup_fdre_C_D)        0.109    19.051    u_soc/u_accel/u_hidden_layer/u_mac/acc_q_reg[29]
  -------------------------------------------------------------------
                         required time                         19.051    
                         arrival time                         -11.056    
  -------------------------------------------------------------------
                         slack                                  7.995    





Min Delay Paths
--------------------------------------------------------------------------------------
Slack (MET) :             0.145ns  (arrival time - required time)
  Source:                 u_soc/u_cpu/reg_next_pc_reg[23]/C
                            (rising edge-triggered cell FDRE clocked by clk_out1_clk_wiz_0_1  {rise@0.000ns fall@10.000ns period=20.000ns})
  Destination:            u_soc/u_cpu/reg_pc_reg[23]/D
                            (rising edge-triggered cell FDRE clocked by clk_out1_clk_wiz_0_1  {rise@0.000ns fall@10.000ns period=20.000ns})
  Path Group:             clk_out1_clk_wiz_0_1
  Path Type:              Hold (Min at Fast Process Corner)
  Requirement:            0.000ns  (clk_out1_clk_wiz_0_1 rise@0.000ns - clk_out1_clk_wiz_0_1 rise@0.000ns)
  Data Path Delay:        0.250ns  (logic 0.186ns (74.383%)  route 0.064ns (25.617%))
  Logic Levels:           1  (LUT6=1)
  Clock Path Skew:        0.013ns (DCD - SCD - CPR)
    Destination Clock Delay (DCD):    -0.889ns
    Source Clock Delay      (SCD):    -0.648ns
    Clock Pessimism Removal (CPR):    -0.254ns

    Location             Delay type                Incr(ns)  Path(ns)    Netlist Resource(s)
  -------------------------------------------------------------------    -------------------
                         (clock clk_out1_clk_wiz_0_1 rise edge)
                                                      0.000     0.000 r  
    H16                                               0.000     0.000 r  sysclk (IN)
                         net (fo=0)                   0.000     0.000    u_clk_wiz/inst/clk_in1
    H16                  IBUF (Prop_ibuf_I_O)         0.219     0.219 r  u_clk_wiz/inst/clkin1_ibufg/O
                         net (fo=1, routed)           0.440     0.659    u_clk_wiz/inst/clk_in1_clk_wiz_0
    MMCME2_ADV_X1Y2      MMCME2_ADV (Prop_mmcme2_adv_CLKIN1_CLKOUT0)
                                                     -2.613    -1.954 r  u_clk_wiz/inst/mmcm_adv_inst/CLKOUT0
                         net (fo=1, routed)           0.696    -1.257    u_clk_wiz/inst/clk_out1_clk_wiz_0
    BUFGCTRL_X0Y16       BUFG (Prop_bufg_I_O)         0.026    -1.231 r  u_clk_wiz/inst/clkout1_buf/O
                         net (fo=1129, routed)        0.584    -0.648    u_soc/u_cpu/clk_out1
    SLICE_X76Y34         FDRE                                         r  u_soc/u_cpu/reg_next_pc_reg[23]/C
  -------------------------------------------------------------------    -------------------
    SLICE_X76Y34         FDRE (Prop_fdre_C_Q)         0.141    -0.507 r  u_soc/u_cpu/reg_next_pc_reg[23]/Q
                         net (fo=2, routed)           0.064    -0.442    u_soc/u_cpu/reg_next_pc_reg_n_0_[23]
    SLICE_X77Y34         LUT6 (Prop_lut6_I0_O)        0.045    -0.397 r  u_soc/u_cpu/reg_pc[23]_i_1/O
                         net (fo=1, routed)           0.000    -0.397    u_soc/u_cpu/current_pc[23]
    SLICE_X77Y34         FDRE                                         r  u_soc/u_cpu/reg_pc_reg[23]/D
  -------------------------------------------------------------------    -------------------

                         (clock clk_out1_clk_wiz_0_1 rise edge)
                                                      0.000     0.000 r  
    H16                                               0.000     0.000 r  sysclk (IN)
                         net (fo=0)                   0.000     0.000    u_clk_wiz/inst/clk_in1
    H16                  IBUF (Prop_ibuf_I_O)         0.406     0.406 r  u_clk_wiz/inst/clkin1_ibufg/O
                         net (fo=1, routed)           0.480     0.886    u_clk_wiz/inst/clk_in1_clk_wiz_0
    MMCME2_ADV_X1Y2      MMCME2_ADV (Prop_mmcme2_adv_CLKIN1_CLKOUT0)
                                                     -3.407    -2.521 r  u_clk_wiz/inst/mmcm_adv_inst/CLKOUT0
                         net (fo=1, routed)           0.752    -1.769    u_clk_wiz/inst/clk_out1_clk_wiz_0
    BUFGCTRL_X0Y16       BUFG (Prop_bufg_I_O)         0.029    -1.740 r  u_clk_wiz/inst/clkout1_buf/O
                         net (fo=1129, routed)        0.851    -0.889    u_soc/u_cpu/clk_out1
    SLICE_X77Y34         FDRE                                         r  u_soc/u_cpu/reg_pc_reg[23]/C
                         clock pessimism              0.254    -0.635    
    SLICE_X77Y34         FDRE (Hold_fdre_C_D)         0.092    -0.543    u_soc/u_cpu/reg_pc_reg[23]
  -------------------------------------------------------------------
                         required time                          0.543    
                         arrival time                          -0.397    
  -------------------------------------------------------------------
                         slack                                  0.145    





Pulse Width Checks
--------------------------------------------------------------------------------------
Clock Name:         clk_out1_clk_wiz_0_1
Waveform(ns):       { 0.000 10.000 }
Period(ns):         20.000
Sources:            { u_clk_wiz/inst/mmcm_adv_inst/CLKOUT0 }

Check Type        Corner  Lib Pin             Reference Pin  Required(ns)  Actual(ns)  Slack(ns)  Location         Pin
Min Period        n/a     RAMB36E1/CLKARDCLK  n/a            2.944         20.000      17.056     RAMB36_X4Y7      u_soc/u_ram/mem_reg_0_0/CLKARDCLK
Max Period        n/a     MMCME2_ADV/CLKOUT0  n/a            213.360       20.000      193.360    MMCME2_ADV_X1Y2  u_clk_wiz/inst/mmcm_adv_inst/CLKOUT0
Low Pulse Width   Slow    RAMD32/CLK          n/a            1.250         10.000      8.750      SLICE_X82Y29     u_soc/u_cpu/cpuregs_reg_r1_0_31_0_5/RAMA/CLK
High Pulse Width  Slow    RAMD32/CLK          n/a            1.250         10.000      8.750      SLICE_X82Y29     u_soc/u_cpu/cpuregs_reg_r1_0_31_0_5/RAMA/CLK



---------------------------------------------------------------------------------------------------
From Clock:  clkfbout_clk_wiz_0_1
  To Clock:  clkfbout_clk_wiz_0_1

Setup :           NA  Failing Endpoints,  Worst Slack           NA  ,  Total Violation           NA
Hold  :           NA  Failing Endpoints,  Worst Slack           NA  ,  Total Violation           NA
PW    :            0  Failing Endpoints,  Worst Slack        5.845ns,  Total Violation        0.000ns
---------------------------------------------------------------------------------------------------


Pulse Width Checks
--------------------------------------------------------------------------------------
Clock Name:         clkfbout_clk_wiz_0_1
Waveform(ns):       { 0.000 4.000 }
Period(ns):         8.000
Sources:            { u_clk_wiz/inst/mmcm_adv_inst/CLKFBOUT }

Check Type  Corner  Lib Pin             Reference Pin  Required(ns)  Actual(ns)  Slack(ns)  Location         Pin
Min Period  n/a     BUFG/I              n/a            2.155         8.000       5.845      BUFGCTRL_X0Y17   u_clk_wiz/inst/clkf_buf/I
Max Period  n/a     MMCME2_ADV/CLKFBIN  n/a            100.000       8.000       92.000     MMCME2_ADV_X1Y2  u_clk_wiz/inst/mmcm_adv_inst/CLKFBIN



---------------------------------------------------------------------------------------------------
From Clock:  sysclk
  To Clock:  sysclk

Setup :           NA  Failing Endpoints,  Worst Slack           NA  ,  Total Violation           NA
Hold  :           NA  Failing Endpoints,  Worst Slack           NA  ,  Total Violation           NA
PW    :            0  Failing Endpoints,  Worst Slack        2.000ns,  Total Violation        0.000ns
---------------------------------------------------------------------------------------------------


Pulse Width Checks
--------------------------------------------------------------------------------------
Clock Name:         sysclk
Waveform(ns):       { 0.000 4.000 }
Period(ns):         8.000
Sources:            { sysclk }

Check Type        Corner  Lib Pin            Reference Pin  Required(ns)  Actual(ns)  Slack(ns)  Location         Pin
Min Period        n/a     MMCME2_ADV/CLKIN1  n/a            1.249         8.000       6.751      MMCME2_ADV_X1Y2  u_clk_wiz/inst/mmcm_adv_inst/CLKIN1
Max Period        n/a     MMCME2_ADV/CLKIN1  n/a            100.000       8.000       92.000     MMCME2_ADV_X1Y2  u_clk_wiz/inst/mmcm_adv_inst/CLKIN1
Low Pulse Width   Slow    MMCME2_ADV/CLKIN1  n/a            2.000         4.000       2.000      MMCME2_ADV_X1Y2  u_clk_wiz/inst/mmcm_adv_inst/CLKIN1
High Pulse Width  Slow    MMCME2_ADV/CLKIN1  n/a            2.000         4.000       2.000      MMCME2_ADV_X1Y2  u_clk_wiz/inst/mmcm_adv_inst/CLKIN1



---------------------------------------------------------------------------------------------------
From Clock:  clk_out1_clk_wiz_0
  To Clock:  clk_out1_clk_wiz_0

Setup :            0  Failing Endpoints,  Worst Slack        7.994ns,  Total Violation        0.000ns
Hold  :            0  Failing Endpoints,  Worst Slack        0.145ns,  Total Violation        0.000ns
PW    :            0  Failing Endpoints,  Worst Slack        8.750ns,  Total Violation        0.000ns
---------------------------------------------------------------------------------------------------


Max Delay Paths
--------------------------------------------------------------------------------------
Slack (MET) :             7.994ns  (required time - arrival time)
  Source:                 u_soc/u_accel/u_hidden_layer/feature_idx_q_reg[1]/C
                            (rising edge-triggered cell FDRE clocked by clk_out1_clk_wiz_0  {rise@0.000ns fall@10.000ns period=20.000ns})
  Destination:            u_soc/u_accel/u_hidden_layer/u_mac/acc_q_reg[29]/D
                            (rising edge-triggered cell FDRE clocked by clk_out1_clk_wiz_0  {rise@0.000ns fall@10.000ns period=20.000ns})
  Path Group:             clk_out1_clk_wiz_0
  Path Type:              Setup (Max at Slow Process Corner)
  Requirement:            20.000ns  (clk_out1_clk_wiz_0 rise@20.000ns - clk_out1_clk_wiz_0 rise@0.000ns)
  Data Path Delay:        11.976ns  (logic 5.656ns (47.227%)  route 6.320ns (52.773%))
  Logic Levels:           6  (CARRY4=3 DSP48E1=1 LUT2=1 LUT6=1)
  Clock Path Skew:        -0.059ns (DCD - SCD + CPR)
    Destination Clock Delay (DCD):    -1.546ns = ( 18.454 - 20.000 ) 
    Source Clock Delay      (SCD):    -0.920ns
    Clock Pessimism Removal (CPR):    0.567ns
  Clock Uncertainty:      0.080ns  ((TSJ^2 + DJ^2)^1/2) / 2 + PE
    Total System Jitter     (TSJ):    0.071ns
    Discrete Jitter          (DJ):    0.144ns
    Phase Error              (PE):    0.000ns

    Location             Delay type                Incr(ns)  Path(ns)    Netlist Resource(s)
  -------------------------------------------------------------------    -------------------
                         (clock clk_out1_clk_wiz_0 rise edge)
                                                      0.000     0.000 r  
    H16                                               0.000     0.000 r  sysclk (IN)
                         net (fo=0)                   0.000     0.000    u_clk_wiz/inst/clk_in1
    H16                  IBUF (Prop_ibuf_I_O)         1.451     1.451 r  u_clk_wiz/inst/clkin1_ibufg/O
                         net (fo=1, routed)           1.285     2.736    u_clk_wiz/inst/clk_in1_clk_wiz_0
    MMCME2_ADV_X1Y2      MMCME2_ADV (Prop_mmcme2_adv_CLKIN1_CLKOUT0)
                                                     -7.759    -5.023 r  u_clk_wiz/inst/mmcm_adv_inst/CLKOUT0
                         net (fo=1, routed)           2.206    -2.817    u_clk_wiz/inst/clk_out1_clk_wiz_0
    BUFGCTRL_X0Y16       BUFG (Prop_bufg_I_O)         0.101    -2.716 r  u_clk_wiz/inst/clkout1_buf/O
                         net (fo=1129, routed)        1.796    -0.920    u_soc/u_accel/u_hidden_layer/clk_out1
    SLICE_X93Y37         FDRE                                         r  u_soc/u_accel/u_hidden_layer/feature_idx_q_reg[1]/C
  -------------------------------------------------------------------    -------------------
    SLICE_X93Y37         FDRE (Prop_fdre_C_Q)         0.419    -0.501 r  u_soc/u_accel/u_hidden_layer/feature_idx_q_reg[1]/Q
                         net (fo=31, routed)          2.891     2.390    u_soc/u_accel/u_regs/hidden_w_addr[1]
    SLICE_X61Y35         LUT6 (Prop_lut6_I3_O)        0.299     2.689 r  u_soc/u_accel/u_regs/product_i_1__0/O
                         net (fo=15, routed)          2.007     4.697    u_soc/u_accel/u_hidden_layer/u_mac/A[15]
    DSP48_X3Y12          DSP48E1 (Prop_dsp48e1_A[23]_P[27])
                                                      3.841     8.538 r  u_soc/u_accel/u_hidden_layer/u_mac/product/P[27]
                         net (fo=25, routed)          1.421     9.959    u_soc/u_accel/u_hidden_layer/u_mac/in0
    SLICE_X94Y37         LUT2 (Prop_lut2_I0_O)        0.124    10.083 r  u_soc/u_accel/u_hidden_layer/u_mac/acc_q[20]_i_4/O
                         net (fo=1, routed)           0.000    10.083    u_soc/u_accel/u_hidden_layer/u_mac/acc_q[20]_i_4_n_0
    SLICE_X94Y37         CARRY4 (Prop_carry4_S[1]_CO[3])
                                                      0.533    10.616 r  u_soc/u_accel/u_hidden_layer/u_mac/acc_q_reg[20]_i_1/CO[3]
                         net (fo=1, routed)           0.000    10.616    u_soc/u_accel/u_hidden_layer/u_mac/acc_q_reg[20]_i_1_n_0
    SLICE_X94Y38         CARRY4 (Prop_carry4_CI_CO[3])
                                                      0.117    10.733 r  u_soc/u_accel/u_hidden_layer/u_mac/acc_q_reg[24]_i_1/CO[3]
                         net (fo=1, routed)           0.000    10.733    u_soc/u_accel/u_hidden_layer/u_mac/acc_q_reg[24]_i_1_n_0
    SLICE_X94Y39         CARRY4 (Prop_carry4_CI_O[1])
                                                      0.323    11.056 r  u_soc/u_accel/u_hidden_layer/u_mac/acc_q_reg[28]_i_1/O[1]
                         net (fo=1, routed)           0.000    11.056    u_soc/u_accel/u_hidden_layer/u_mac/acc_q_reg[28]_i_1_n_6
    SLICE_X94Y39         FDRE                                         r  u_soc/u_accel/u_hidden_layer/u_mac/acc_q_reg[29]/D
  -------------------------------------------------------------------    -------------------

                         (clock clk_out1_clk_wiz_0 rise edge)
                                                     20.000    20.000 r  
    H16                                               0.000    20.000 r  sysclk (IN)
                         net (fo=0)                   0.000    20.000    u_clk_wiz/inst/clk_in1
    H16                  IBUF (Prop_ibuf_I_O)         1.380    21.380 r  u_clk_wiz/inst/clkin1_ibufg/O
                         net (fo=1, routed)           1.162    22.542    u_clk_wiz/inst/clk_in1_clk_wiz_0
    MMCME2_ADV_X1Y2      MMCME2_ADV (Prop_mmcme2_adv_CLKIN1_CLKOUT0)
                                                     -7.814    14.728 r  u_clk_wiz/inst/mmcm_adv_inst/CLKOUT0
                         net (fo=1, routed)           2.012    16.740    u_clk_wiz/inst/clk_out1_clk_wiz_0
    BUFGCTRL_X0Y16       BUFG (Prop_bufg_I_O)         0.091    16.831 r  u_clk_wiz/inst/clkout1_buf/O
                         net (fo=1129, routed)        1.622    18.454    u_soc/u_accel/u_hidden_layer/u_mac/clk_out1
    SLICE_X94Y39         FDRE                                         r  u_soc/u_accel/u_hidden_layer/u_mac/acc_q_reg[29]/C
                         clock pessimism              0.567    19.021    
                         clock uncertainty           -0.080    18.941    
    SLICE_X94Y39         FDRE (Setup_fdre_C_D)        0.109    19.050    u_soc/u_accel/u_hidden_layer/u_mac/acc_q_reg[29]
  -------------------------------------------------------------------
                         required time                         19.050    
                         arrival time                         -11.056    
  -------------------------------------------------------------------
                         slack                                  7.994    





Min Delay Paths
--------------------------------------------------------------------------------------
Slack (MET) :             0.145ns  (arrival time - required time)
  Source:                 u_soc/u_cpu/reg_next_pc_reg[23]/C
                            (rising edge-triggered cell FDRE clocked by clk_out1_clk_wiz_0  {rise@0.000ns fall@10.000ns period=20.000ns})
  Destination:            u_soc/u_cpu/reg_pc_reg[23]/D
                            (rising edge-triggered cell FDRE clocked by clk_out1_clk_wiz_0  {rise@0.000ns fall@10.000ns period=20.000ns})
  Path Group:             clk_out1_clk_wiz_0
  Path Type:              Hold (Min at Fast Process Corner)
  Requirement:            0.000ns  (clk_out1_clk_wiz_0 rise@0.000ns - clk_out1_clk_wiz_0 rise@0.000ns)
  Data Path Delay:        0.250ns  (logic 0.186ns (74.383%)  route 0.064ns (25.617%))
  Logic Levels:           1  (LUT6=1)
  Clock Path Skew:        0.013ns (DCD - SCD - CPR)
    Destination Clock Delay (DCD):    -0.889ns
    Source Clock Delay      (SCD):    -0.648ns
    Clock Pessimism Removal (CPR):    -0.254ns

    Location             Delay type                Incr(ns)  Path(ns)    Netlist Resource(s)
  -------------------------------------------------------------------    -------------------
                         (clock clk_out1_clk_wiz_0 rise edge)
                                                      0.000     0.000 r  
    H16                                               0.000     0.000 r  sysclk (IN)
                         net (fo=0)                   0.000     0.000    u_clk_wiz/inst/clk_in1
    H16                  IBUF (Prop_ibuf_I_O)         0.219     0.219 r  u_clk_wiz/inst/clkin1_ibufg/O
                         net (fo=1, routed)           0.440     0.659    u_clk_wiz/inst/clk_in1_clk_wiz_0
    MMCME2_ADV_X1Y2      MMCME2_ADV (Prop_mmcme2_adv_CLKIN1_CLKOUT0)
                                                     -2.613    -1.954 r  u_clk_wiz/inst/mmcm_adv_inst/CLKOUT0
                         net (fo=1, routed)           0.696    -1.257    u_clk_wiz/inst/clk_out1_clk_wiz_0
    BUFGCTRL_X0Y16       BUFG (Prop_bufg_I_O)         0.026    -1.231 r  u_clk_wiz/inst/clkout1_buf/O
                         net (fo=1129, routed)        0.584    -0.648    u_soc/u_cpu/clk_out1
    SLICE_X76Y34         FDRE                                         r  u_soc/u_cpu/reg_next_pc_reg[23]/C
  -------------------------------------------------------------------    -------------------
    SLICE_X76Y34         FDRE (Prop_fdre_C_Q)         0.141    -0.507 r  u_soc/u_cpu/reg_next_pc_reg[23]/Q
                         net (fo=2, routed)           0.064    -0.442    u_soc/u_cpu/reg_next_pc_reg_n_0_[23]
    SLICE_X77Y34         LUT6 (Prop_lut6_I0_O)        0.045    -0.397 r  u_soc/u_cpu/reg_pc[23]_i_1/O
                         net (fo=1, routed)           0.000    -0.397    u_soc/u_cpu/current_pc[23]
    SLICE_X77Y34         FDRE                                         r  u_soc/u_cpu/reg_pc_reg[23]/D
  -------------------------------------------------------------------    -------------------

                         (clock clk_out1_clk_wiz_0 rise edge)
                                                      0.000     0.000 r  
    H16                                               0.000     0.000 r  sysclk (IN)
                         net (fo=0)                   0.000     0.000    u_clk_wiz/inst/clk_in1
    H16                  IBUF (Prop_ibuf_I_O)         0.406     0.406 r  u_clk_wiz/inst/clkin1_ibufg/O
                         net (fo=1, routed)           0.480     0.886    u_clk_wiz/inst/clk_in1_clk_wiz_0
    MMCME2_ADV_X1Y2      MMCME2_ADV (Prop_mmcme2_adv_CLKIN1_CLKOUT0)
                                                     -3.407    -2.521 r  u_clk_wiz/inst/mmcm_adv_inst/CLKOUT0
                         net (fo=1, routed)           0.752    -1.769    u_clk_wiz/inst/clk_out1_clk_wiz_0
    BUFGCTRL_X0Y16       BUFG (Prop_bufg_I_O)         0.029    -1.740 r  u_clk_wiz/inst/clkout1_buf/O
                         net (fo=1129, routed)        0.851    -0.889    u_soc/u_cpu/clk_out1
    SLICE_X77Y34         FDRE                                         r  u_soc/u_cpu/reg_pc_reg[23]/C
                         clock pessimism              0.254    -0.635    
    SLICE_X77Y34         FDRE (Hold_fdre_C_D)         0.092    -0.543    u_soc/u_cpu/reg_pc_reg[23]
  -------------------------------------------------------------------
                         required time                          0.543    
                         arrival time                          -0.397    
  -------------------------------------------------------------------
                         slack                                  0.145    





Pulse Width Checks
--------------------------------------------------------------------------------------
Clock Name:         clk_out1_clk_wiz_0
Waveform(ns):       { 0.000 10.000 }
Period(ns):         20.000
Sources:            { u_clk_wiz/inst/mmcm_adv_inst/CLKOUT0 }

Check Type        Corner  Lib Pin             Reference Pin  Required(ns)  Actual(ns)  Slack(ns)  Location         Pin
Min Period        n/a     RAMB36E1/CLKARDCLK  n/a            2.944         20.000      17.056     RAMB36_X4Y7      u_soc/u_ram/mem_reg_0_0/CLKARDCLK
Max Period        n/a     MMCME2_ADV/CLKOUT0  n/a            213.360       20.000      193.360    MMCME2_ADV_X1Y2  u_clk_wiz/inst/mmcm_adv_inst/CLKOUT0
Low Pulse Width   Slow    RAMD32/CLK          n/a            1.250         10.000      8.750      SLICE_X82Y29     u_soc/u_cpu/cpuregs_reg_r1_0_31_0_5/RAMA/CLK
High Pulse Width  Slow    RAMD32/CLK          n/a            1.250         10.000      8.750      SLICE_X82Y29     u_soc/u_cpu/cpuregs_reg_r1_0_31_0_5/RAMA/CLK



---------------------------------------------------------------------------------------------------
From Clock:  clkfbout_clk_wiz_0
  To Clock:  clkfbout_clk_wiz_0

Setup :           NA  Failing Endpoints,  Worst Slack           NA  ,  Total Violation           NA
Hold  :           NA  Failing Endpoints,  Worst Slack           NA  ,  Total Violation           NA
PW    :            0  Failing Endpoints,  Worst Slack        5.845ns,  Total Violation        0.000ns
---------------------------------------------------------------------------------------------------


Pulse Width Checks
--------------------------------------------------------------------------------------
Clock Name:         clkfbout_clk_wiz_0
Waveform(ns):       { 0.000 4.000 }
Period(ns):         8.000
Sources:            { u_clk_wiz/inst/mmcm_adv_inst/CLKFBOUT }

Check Type  Corner  Lib Pin             Reference Pin  Required(ns)  Actual(ns)  Slack(ns)  Location         Pin
Min Period  n/a     BUFG/I              n/a            2.155         8.000       5.845      BUFGCTRL_X0Y17   u_clk_wiz/inst/clkf_buf/I
Max Period  n/a     MMCME2_ADV/CLKFBIN  n/a            100.000       8.000       92.000     MMCME2_ADV_X1Y2  u_clk_wiz/inst/mmcm_adv_inst/CLKFBIN



---------------------------------------------------------------------------------------------------
From Clock:  clk_out1_clk_wiz_0
  To Clock:  clk_out1_clk_wiz_0_1

Setup :            0  Failing Endpoints,  Worst Slack        7.994ns,  Total Violation        0.000ns
Hold  :            0  Failing Endpoints,  Worst Slack        0.065ns,  Total Violation        0.000ns
---------------------------------------------------------------------------------------------------


Max Delay Paths
--------------------------------------------------------------------------------------
Slack (MET) :             7.994ns  (required time - arrival time)
  Source:                 u_soc/u_accel/u_hidden_layer/feature_idx_q_reg[1]/C
                            (rising edge-triggered cell FDRE clocked by clk_out1_clk_wiz_0  {rise@0.000ns fall@10.000ns period=20.000ns})
  Destination:            u_soc/u_accel/u_hidden_layer/u_mac/acc_q_reg[29]/D
                            (rising edge-triggered cell FDRE clocked by clk_out1_clk_wiz_0_1  {rise@0.000ns fall@10.000ns period=20.000ns})
  Path Group:             clk_out1_clk_wiz_0_1
  Path Type:              Setup (Max at Slow Process Corner)
  Requirement:            20.000ns  (clk_out1_clk_wiz_0_1 rise@20.000ns - clk_out1_clk_wiz_0 rise@0.000ns)
  Data Path Delay:        11.976ns  (logic 5.656ns (47.227%)  route 6.320ns (52.773%))
  Logic Levels:           6  (CARRY4=3 DSP48E1=1 LUT2=1 LUT6=1)
  Clock Path Skew:        -0.059ns (DCD - SCD + CPR)
    Destination Clock Delay (DCD):    -1.546ns = ( 18.454 - 20.000 ) 
    Source Clock Delay      (SCD):    -0.920ns
    Clock Pessimism Removal (CPR):    0.567ns
  Clock Uncertainty:      0.080ns  ((TSJ^2 + DJ^2)^1/2) / 2 + PE
    Total System Jitter     (TSJ):    0.071ns
    Discrete Jitter          (DJ):    0.144ns
    Phase Error              (PE):    0.000ns
  Clock Domain Crossing:  Inter clock paths are considered valid unless explicitly excluded by timing constraints such as set_clock_groups or set_false_path.

    Location             Delay type                Incr(ns)  Path(ns)    Netlist Resource(s)
  -------------------------------------------------------------------    -------------------
                         (clock clk_out1_clk_wiz_0 rise edge)
                                                      0.000     0.000 r  
    H16                                               0.000     0.000 r  sysclk (IN)
                         net (fo=0)                   0.000     0.000    u_clk_wiz/inst/clk_in1
    H16                  IBUF (Prop_ibuf_I_O)         1.451     1.451 r  u_clk_wiz/inst/clkin1_ibufg/O
                         net (fo=1, routed)           1.285     2.736    u_clk_wiz/inst/clk_in1_clk_wiz_0
    MMCME2_ADV_X1Y2      MMCME2_ADV (Prop_mmcme2_adv_CLKIN1_CLKOUT0)
                                                     -7.759    -5.023 r  u_clk_wiz/inst/mmcm_adv_inst/CLKOUT0
                         net (fo=1, routed)           2.206    -2.817    u_clk_wiz/inst/clk_out1_clk_wiz_0
    BUFGCTRL_X0Y16       BUFG (Prop_bufg_I_O)         0.101    -2.716 r  u_clk_wiz/inst/clkout1_buf/O
                         net (fo=1129, routed)        1.796    -0.920    u_soc/u_accel/u_hidden_layer/clk_out1
    SLICE_X93Y37         FDRE                                         r  u_soc/u_accel/u_hidden_layer/feature_idx_q_reg[1]/C
  -------------------------------------------------------------------    -------------------
    SLICE_X93Y37         FDRE (Prop_fdre_C_Q)         0.419    -0.501 r  u_soc/u_accel/u_hidden_layer/feature_idx_q_reg[1]/Q
                         net (fo=31, routed)          2.891     2.390    u_soc/u_accel/u_regs/hidden_w_addr[1]
    SLICE_X61Y35         LUT6 (Prop_lut6_I3_O)        0.299     2.689 r  u_soc/u_accel/u_regs/product_i_1__0/O
                         net (fo=15, routed)          2.007     4.697    u_soc/u_accel/u_hidden_layer/u_mac/A[15]
    DSP48_X3Y12          DSP48E1 (Prop_dsp48e1_A[23]_P[27])
                                                      3.841     8.538 r  u_soc/u_accel/u_hidden_layer/u_mac/product/P[27]
                         net (fo=25, routed)          1.421     9.959    u_soc/u_accel/u_hidden_layer/u_mac/in0
    SLICE_X94Y37         LUT2 (Prop_lut2_I0_O)        0.124    10.083 r  u_soc/u_accel/u_hidden_layer/u_mac/acc_q[20]_i_4/O
                         net (fo=1, routed)           0.000    10.083    u_soc/u_accel/u_hidden_layer/u_mac/acc_q[20]_i_4_n_0
    SLICE_X94Y37         CARRY4 (Prop_carry4_S[1]_CO[3])
                                                      0.533    10.616 r  u_soc/u_accel/u_hidden_layer/u_mac/acc_q_reg[20]_i_1/CO[3]
                         net (fo=1, routed)           0.000    10.616    u_soc/u_accel/u_hidden_layer/u_mac/acc_q_reg[20]_i_1_n_0
    SLICE_X94Y38         CARRY4 (Prop_carry4_CI_CO[3])
                                                      0.117    10.733 r  u_soc/u_accel/u_hidden_layer/u_mac/acc_q_reg[24]_i_1/CO[3]
                         net (fo=1, routed)           0.000    10.733    u_soc/u_accel/u_hidden_layer/u_mac/acc_q_reg[24]_i_1_n_0
    SLICE_X94Y39         CARRY4 (Prop_carry4_CI_O[1])
                                                      0.323    11.056 r  u_soc/u_accel/u_hidden_layer/u_mac/acc_q_reg[28]_i_1/O[1]
                         net (fo=1, routed)           0.000    11.056    u_soc/u_accel/u_hidden_layer/u_mac/acc_q_reg[28]_i_1_n_6
    SLICE_X94Y39         FDRE                                         r  u_soc/u_accel/u_hidden_layer/u_mac/acc_q_reg[29]/D
  -------------------------------------------------------------------    -------------------

                         (clock clk_out1_clk_wiz_0_1 rise edge)
                                                     20.000    20.000 r  
    H16                                               0.000    20.000 r  sysclk (IN)
                         net (fo=0)                   0.000    20.000    u_clk_wiz/inst/clk_in1
    H16                  IBUF (Prop_ibuf_I_O)         1.380    21.380 r  u_clk_wiz/inst/clkin1_ibufg/O
                         net (fo=1, routed)           1.162    22.542    u_clk_wiz/inst/clk_in1_clk_wiz_0
    MMCME2_ADV_X1Y2      MMCME2_ADV (Prop_mmcme2_adv_CLKIN1_CLKOUT0)
                                                     -7.814    14.728 r  u_clk_wiz/inst/mmcm_adv_inst/CLKOUT0
                         net (fo=1, routed)           2.012    16.740    u_clk_wiz/inst/clk_out1_clk_wiz_0
    BUFGCTRL_X0Y16       BUFG (Prop_bufg_I_O)         0.091    16.831 r  u_clk_wiz/inst/clkout1_buf/O
                         net (fo=1129, routed)        1.622    18.454    u_soc/u_accel/u_hidden_layer/u_mac/clk_out1
    SLICE_X94Y39         FDRE                                         r  u_soc/u_accel/u_hidden_layer/u_mac/acc_q_reg[29]/C
                         clock pessimism              0.567    19.021    
                         clock uncertainty           -0.080    18.941    
    SLICE_X94Y39         FDRE (Setup_fdre_C_D)        0.109    19.050    u_soc/u_accel/u_hidden_layer/u_mac/acc_q_reg[29]
  -------------------------------------------------------------------
                         required time                         19.050    
                         arrival time                         -11.056    
  -------------------------------------------------------------------
                         slack                                  7.994    





Min Delay Paths
--------------------------------------------------------------------------------------
Slack (MET) :             0.065ns  (arrival time - required time)
  Source:                 u_soc/u_cpu/reg_next_pc_reg[23]/C
                            (rising edge-triggered cell FDRE clocked by clk_out1_clk_wiz_0  {rise@0.000ns fall@10.000ns period=20.000ns})
  Destination:            u_soc/u_cpu/reg_pc_reg[23]/D
                            (rising edge-triggered cell FDRE clocked by clk_out1_clk_wiz_0_1  {rise@0.000ns fall@10.000ns period=20.000ns})
  Path Group:             clk_out1_clk_wiz_0_1
  Path Type:              Hold (Min at Fast Process Corner)
  Requirement:            0.000ns  (clk_out1_clk_wiz_0_1 rise@0.000ns - clk_out1_clk_wiz_0 rise@0.000ns)
  Data Path Delay:        0.250ns  (logic 0.186ns (74.383%)  route 0.064ns (25.617%))
  Logic Levels:           1  (LUT6=1)
  Clock Path Skew:        0.013ns (DCD - SCD - CPR)
    Destination Clock Delay (DCD):    -0.889ns
    Source Clock Delay      (SCD):    -0.648ns
    Clock Pessimism Removal (CPR):    -0.254ns
  Clock Uncertainty:      0.080ns  ((TSJ^2 + DJ^2)^1/2) / 2 + PE
    Total System Jitter     (TSJ):    0.071ns
    Discrete Jitter          (DJ):    0.144ns
    Phase Error              (PE):    0.000ns
  Clock Domain Crossing:  Inter clock paths are considered valid unless explicitly excluded by timing constraints such as set_clock_groups or set_false_path.

    Location             Delay type                Incr(ns)  Path(ns)    Netlist Resource(s)
  -------------------------------------------------------------------    -------------------
                         (clock clk_out1_clk_wiz_0 rise edge)
                                                      0.000     0.000 r  
    H16                                               0.000     0.000 r  sysclk (IN)
                         net (fo=0)                   0.000     0.000    u_clk_wiz/inst/clk_in1
    H16                  IBUF (Prop_ibuf_I_O)         0.219     0.219 r  u_clk_wiz/inst/clkin1_ibufg/O
                         net (fo=1, routed)           0.440     0.659    u_clk_wiz/inst/clk_in1_clk_wiz_0
    MMCME2_ADV_X1Y2      MMCME2_ADV (Prop_mmcme2_adv_CLKIN1_CLKOUT0)
                                                     -2.613    -1.954 r  u_clk_wiz/inst/mmcm_adv_inst/CLKOUT0
                         net (fo=1, routed)           0.696    -1.257    u_clk_wiz/inst/clk_out1_clk_wiz_0
    BUFGCTRL_X0Y16       BUFG (Prop_bufg_I_O)         0.026    -1.231 r  u_clk_wiz/inst/clkout1_buf/O
                         net (fo=1129, routed)        0.584    -0.648    u_soc/u_cpu/clk_out1
    SLICE_X76Y34         FDRE                                         r  u_soc/u_cpu/reg_next_pc_reg[23]/C
  -------------------------------------------------------------------    -------------------
    SLICE_X76Y34         FDRE (Prop_fdre_C_Q)         0.141    -0.507 r  u_soc/u_cpu/reg_next_pc_reg[23]/Q
                         net (fo=2, routed)           0.064    -0.442    u_soc/u_cpu/reg_next_pc_reg_n_0_[23]
    SLICE_X77Y34         LUT6 (Prop_lut6_I0_O)        0.045    -0.397 r  u_soc/u_cpu/reg_pc[23]_i_1/O
                         net (fo=1, routed)           0.000    -0.397    u_soc/u_cpu/current_pc[23]
    SLICE_X77Y34         FDRE                                         r  u_soc/u_cpu/reg_pc_reg[23]/D
  -------------------------------------------------------------------    -------------------

                         (clock clk_out1_clk_wiz_0_1 rise edge)
                                                      0.000     0.000 r  
    H16                                               0.000     0.000 r  sysclk (IN)
                         net (fo=0)                   0.000     0.000    u_clk_wiz/inst/clk_in1
    H16                  IBUF (Prop_ibuf_I_O)         0.406     0.406 r  u_clk_wiz/inst/clkin1_ibufg/O
                         net (fo=1, routed)           0.480     0.886    u_clk_wiz/inst/clk_in1_clk_wiz_0
    MMCME2_ADV_X1Y2      MMCME2_ADV (Prop_mmcme2_adv_CLKIN1_CLKOUT0)
                                                     -3.407    -2.521 r  u_clk_wiz/inst/mmcm_adv_inst/CLKOUT0
                         net (fo=1, routed)           0.752    -1.769    u_clk_wiz/inst/clk_out1_clk_wiz_0
    BUFGCTRL_X0Y16       BUFG (Prop_bufg_I_O)         0.029    -1.740 r  u_clk_wiz/inst/clkout1_buf/O
                         net (fo=1129, routed)        0.851    -0.889    u_soc/u_cpu/clk_out1
    SLICE_X77Y34         FDRE                                         r  u_soc/u_cpu/reg_pc_reg[23]/C
                         clock pessimism              0.254    -0.635    
                         clock uncertainty            0.080    -0.554    
    SLICE_X77Y34         FDRE (Hold_fdre_C_D)         0.092    -0.462    u_soc/u_cpu/reg_pc_reg[23]
  -------------------------------------------------------------------
                         required time                          0.462    
                         arrival time                          -0.397    
  -------------------------------------------------------------------
                         slack                                  0.065    





---------------------------------------------------------------------------------------------------
From Clock:  clk_out1_clk_wiz_0_1
  To Clock:  clk_out1_clk_wiz_0

Setup :            0  Failing Endpoints,  Worst Slack        7.994ns,  Total Violation        0.000ns
Hold  :            0  Failing Endpoints,  Worst Slack        0.065ns,  Total Violation        0.000ns
---------------------------------------------------------------------------------------------------


Max Delay Paths
--------------------------------------------------------------------------------------
Slack (MET) :             7.994ns  (required time - arrival time)
  Source:                 u_soc/u_accel/u_hidden_layer/feature_idx_q_reg[1]/C
                            (rising edge-triggered cell FDRE clocked by clk_out1_clk_wiz_0_1  {rise@0.000ns fall@10.000ns period=20.000ns})
  Destination:            u_soc/u_accel/u_hidden_layer/u_mac/acc_q_reg[29]/D
                            (rising edge-triggered cell FDRE clocked by clk_out1_clk_wiz_0  {rise@0.000ns fall@10.000ns period=20.000ns})
  Path Group:             clk_out1_clk_wiz_0
  Path Type:              Setup (Max at Slow Process Corner)
  Requirement:            20.000ns  (clk_out1_clk_wiz_0 rise@20.000ns - clk_out1_clk_wiz_0_1 rise@0.000ns)
  Data Path Delay:        11.976ns  (logic 5.656ns (47.227%)  route 6.320ns (52.773%))
  Logic Levels:           6  (CARRY4=3 DSP48E1=1 LUT2=1 LUT6=1)
  Clock Path Skew:        -0.059ns (DCD - SCD + CPR)
    Destination Clock Delay (DCD):    -1.546ns = ( 18.454 - 20.000 ) 
    Source Clock Delay      (SCD):    -0.920ns
    Clock Pessimism Removal (CPR):    0.567ns
  Clock Uncertainty:      0.080ns  ((TSJ^2 + DJ^2)^1/2) / 2 + PE
    Total System Jitter     (TSJ):    0.071ns
    Discrete Jitter          (DJ):    0.144ns
    Phase Error              (PE):    0.000ns
  Clock Domain Crossing:  Inter clock paths are considered valid unless explicitly excluded by timing constraints such as set_clock_groups or set_false_path.

    Location             Delay type                Incr(ns)  Path(ns)    Netlist Resource(s)
  -------------------------------------------------------------------    -------------------
                         (clock clk_out1_clk_wiz_0_1 rise edge)
                                                      0.000     0.000 r  
    H16                                               0.000     0.000 r  sysclk (IN)
                         net (fo=0)                   0.000     0.000    u_clk_wiz/inst/clk_in1
    H16                  IBUF (Prop_ibuf_I_O)         1.451     1.451 r  u_clk_wiz/inst/clkin1_ibufg/O
                         net (fo=1, routed)           1.285     2.736    u_clk_wiz/inst/clk_in1_clk_wiz_0
    MMCME2_ADV_X1Y2      MMCME2_ADV (Prop_mmcme2_adv_CLKIN1_CLKOUT0)
                                                     -7.759    -5.023 r  u_clk_wiz/inst/mmcm_adv_inst/CLKOUT0
                         net (fo=1, routed)           2.206    -2.817    u_clk_wiz/inst/clk_out1_clk_wiz_0
    BUFGCTRL_X0Y16       BUFG (Prop_bufg_I_O)         0.101    -2.716 r  u_clk_wiz/inst/clkout1_buf/O
                         net (fo=1129, routed)        1.796    -0.920    u_soc/u_accel/u_hidden_layer/clk_out1
    SLICE_X93Y37         FDRE                                         r  u_soc/u_accel/u_hidden_layer/feature_idx_q_reg[1]/C
  -------------------------------------------------------------------    -------------------
    SLICE_X93Y37         FDRE (Prop_fdre_C_Q)         0.419    -0.501 r  u_soc/u_accel/u_hidden_layer/feature_idx_q_reg[1]/Q
                         net (fo=31, routed)          2.891     2.390    u_soc/u_accel/u_regs/hidden_w_addr[1]
    SLICE_X61Y35         LUT6 (Prop_lut6_I3_O)        0.299     2.689 r  u_soc/u_accel/u_regs/product_i_1__0/O
                         net (fo=15, routed)          2.007     4.697    u_soc/u_accel/u_hidden_layer/u_mac/A[15]
    DSP48_X3Y12          DSP48E1 (Prop_dsp48e1_A[23]_P[27])
                                                      3.841     8.538 r  u_soc/u_accel/u_hidden_layer/u_mac/product/P[27]
                         net (fo=25, routed)          1.421     9.959    u_soc/u_accel/u_hidden_layer/u_mac/in0
    SLICE_X94Y37         LUT2 (Prop_lut2_I0_O)        0.124    10.083 r  u_soc/u_accel/u_hidden_layer/u_mac/acc_q[20]_i_4/O
                         net (fo=1, routed)           0.000    10.083    u_soc/u_accel/u_hidden_layer/u_mac/acc_q[20]_i_4_n_0
    SLICE_X94Y37         CARRY4 (Prop_carry4_S[1]_CO[3])
                                                      0.533    10.616 r  u_soc/u_accel/u_hidden_layer/u_mac/acc_q_reg[20]_i_1/CO[3]
                         net (fo=1, routed)           0.000    10.616    u_soc/u_accel/u_hidden_layer/u_mac/acc_q_reg[20]_i_1_n_0
    SLICE_X94Y38         CARRY4 (Prop_carry4_CI_CO[3])
                                                      0.117    10.733 r  u_soc/u_accel/u_hidden_layer/u_mac/acc_q_reg[24]_i_1/CO[3]
                         net (fo=1, routed)           0.000    10.733    u_soc/u_accel/u_hidden_layer/u_mac/acc_q_reg[24]_i_1_n_0
    SLICE_X94Y39         CARRY4 (Prop_carry4_CI_O[1])
                                                      0.323    11.056 r  u_soc/u_accel/u_hidden_layer/u_mac/acc_q_reg[28]_i_1/O[1]
                         net (fo=1, routed)           0.000    11.056    u_soc/u_accel/u_hidden_layer/u_mac/acc_q_reg[28]_i_1_n_6
    SLICE_X94Y39         FDRE                                         r  u_soc/u_accel/u_hidden_layer/u_mac/acc_q_reg[29]/D
  -------------------------------------------------------------------    -------------------

                         (clock clk_out1_clk_wiz_0 rise edge)
                                                     20.000    20.000 r  
    H16                                               0.000    20.000 r  sysclk (IN)
                         net (fo=0)                   0.000    20.000    u_clk_wiz/inst/clk_in1
    H16                  IBUF (Prop_ibuf_I_O)         1.380    21.380 r  u_clk_wiz/inst/clkin1_ibufg/O
                         net (fo=1, routed)           1.162    22.542    u_clk_wiz/inst/clk_in1_clk_wiz_0
    MMCME2_ADV_X1Y2      MMCME2_ADV (Prop_mmcme2_adv_CLKIN1_CLKOUT0)
                                                     -7.814    14.728 r  u_clk_wiz/inst/mmcm_adv_inst/CLKOUT0
                         net (fo=1, routed)           2.012    16.740    u_clk_wiz/inst/clk_out1_clk_wiz_0
    BUFGCTRL_X0Y16       BUFG (Prop_bufg_I_O)         0.091    16.831 r  u_clk_wiz/inst/clkout1_buf/O
                         net (fo=1129, routed)        1.622    18.454    u_soc/u_accel/u_hidden_layer/u_mac/clk_out1
    SLICE_X94Y39         FDRE                                         r  u_soc/u_accel/u_hidden_layer/u_mac/acc_q_reg[29]/C
                         clock pessimism              0.567    19.021    
                         clock uncertainty           -0.080    18.941    
    SLICE_X94Y39         FDRE (Setup_fdre_C_D)        0.109    19.050    u_soc/u_accel/u_hidden_layer/u_mac/acc_q_reg[29]
  -------------------------------------------------------------------
                         required time                         19.050    
                         arrival time                         -11.056    
  -------------------------------------------------------------------
                         slack                                  7.994    





Min Delay Paths
--------------------------------------------------------------------------------------
Slack (MET) :             0.065ns  (arrival time - required time)
  Source:                 u_soc/u_cpu/reg_next_pc_reg[23]/C
                            (rising edge-triggered cell FDRE clocked by clk_out1_clk_wiz_0_1  {rise@0.000ns fall@10.000ns period=20.000ns})
  Destination:            u_soc/u_cpu/reg_pc_reg[23]/D
                            (rising edge-triggered cell FDRE clocked by clk_out1_clk_wiz_0  {rise@0.000ns fall@10.000ns period=20.000ns})
  Path Group:             clk_out1_clk_wiz_0
  Path Type:              Hold (Min at Fast Process Corner)
  Requirement:            0.000ns  (clk_out1_clk_wiz_0 rise@0.000ns - clk_out1_clk_wiz_0_1 rise@0.000ns)
  Data Path Delay:        0.250ns  (logic 0.186ns (74.383%)  route 0.064ns (25.617%))
  Logic Levels:           1  (LUT6=1)
  Clock Path Skew:        0.013ns (DCD - SCD - CPR)
    Destination Clock Delay (DCD):    -0.889ns
    Source Clock Delay      (SCD):    -0.648ns
    Clock Pessimism Removal (CPR):    -0.254ns
  Clock Uncertainty:      0.080ns  ((TSJ^2 + DJ^2)^1/2) / 2 + PE
    Total System Jitter     (TSJ):    0.071ns
    Discrete Jitter          (DJ):    0.144ns
    Phase Error              (PE):    0.000ns
  Clock Domain Crossing:  Inter clock paths are considered valid unless explicitly excluded by timing constraints such as set_clock_groups or set_false_path.

    Location             Delay type                Incr(ns)  Path(ns)    Netlist Resource(s)
  -------------------------------------------------------------------    -------------------
                         (clock clk_out1_clk_wiz_0_1 rise edge)
                                                      0.000     0.000 r  
    H16                                               0.000     0.000 r  sysclk (IN)
                         net (fo=0)                   0.000     0.000    u_clk_wiz/inst/clk_in1
    H16                  IBUF (Prop_ibuf_I_O)         0.219     0.219 r  u_clk_wiz/inst/clkin1_ibufg/O
                         net (fo=1, routed)           0.440     0.659    u_clk_wiz/inst/clk_in1_clk_wiz_0
    MMCME2_ADV_X1Y2      MMCME2_ADV (Prop_mmcme2_adv_CLKIN1_CLKOUT0)
                                                     -2.613    -1.954 r  u_clk_wiz/inst/mmcm_adv_inst/CLKOUT0
                         net (fo=1, routed)           0.696    -1.257    u_clk_wiz/inst/clk_out1_clk_wiz_0
    BUFGCTRL_X0Y16       BUFG (Prop_bufg_I_O)         0.026    -1.231 r  u_clk_wiz/inst/clkout1_buf/O
                         net (fo=1129, routed)        0.584    -0.648    u_soc/u_cpu/clk_out1
    SLICE_X76Y34         FDRE                                         r  u_soc/u_cpu/reg_next_pc_reg[23]/C
  -------------------------------------------------------------------    -------------------
    SLICE_X76Y34         FDRE (Prop_fdre_C_Q)         0.141    -0.507 r  u_soc/u_cpu/reg_next_pc_reg[23]/Q
                         net (fo=2, routed)           0.064    -0.442    u_soc/u_cpu/reg_next_pc_reg_n_0_[23]
    SLICE_X77Y34         LUT6 (Prop_lut6_I0_O)        0.045    -0.397 r  u_soc/u_cpu/reg_pc[23]_i_1/O
                         net (fo=1, routed)           0.000    -0.397    u_soc/u_cpu/current_pc[23]
    SLICE_X77Y34         FDRE                                         r  u_soc/u_cpu/reg_pc_reg[23]/D
  -------------------------------------------------------------------    -------------------

                         (clock clk_out1_clk_wiz_0 rise edge)
                                                      0.000     0.000 r  
    H16                                               0.000     0.000 r  sysclk (IN)
                         net (fo=0)                   0.000     0.000    u_clk_wiz/inst/clk_in1
    H16                  IBUF (Prop_ibuf_I_O)         0.406     0.406 r  u_clk_wiz/inst/clkin1_ibufg/O
                         net (fo=1, routed)           0.480     0.886    u_clk_wiz/inst/clk_in1_clk_wiz_0
    MMCME2_ADV_X1Y2      MMCME2_ADV (Prop_mmcme2_adv_CLKIN1_CLKOUT0)
                                                     -3.407    -2.521 r  u_clk_wiz/inst/mmcm_adv_inst/CLKOUT0
                         net (fo=1, routed)           0.752    -1.769    u_clk_wiz/inst/clk_out1_clk_wiz_0
    BUFGCTRL_X0Y16       BUFG (Prop_bufg_I_O)         0.029    -1.740 r  u_clk_wiz/inst/clkout1_buf/O
                         net (fo=1129, routed)        0.851    -0.889    u_soc/u_cpu/clk_out1
    SLICE_X77Y34         FDRE                                         r  u_soc/u_cpu/reg_pc_reg[23]/C
                         clock pessimism              0.254    -0.635    
                         clock uncertainty            0.080    -0.554    
    SLICE_X77Y34         FDRE (Hold_fdre_C_D)         0.092    -0.462    u_soc/u_cpu/reg_pc_reg[23]
  -------------------------------------------------------------------
                         required time                          0.462    
                         arrival time                          -0.397    
  -------------------------------------------------------------------
                         slack                                  0.065    





